In file included from readseq.c:13:
kmer.h:7:26: error: conflicting types for ‘u32vec_t’; have ‘struct <anonymous>’
    7 | typedef kvec_t(uint32_t) u32vec_t;
      |                          ^~~~~~~~
In file included from readseq_internal.h:9,
                 from readseq.c:11:
kmer.h:7:26: note: previous declaration of ‘u32vec_t’ with type ‘u32vec_t’
    7 | typedef kvec_t(uint32_t) u32vec_t;
      |                          ^~~~~~~~
In file included from utils.h:8,
                 from trie.h:7,
                 from readseq.h:7,
                 from readseq.c:10:
khash.h:183:24: error: redefinition of ‘struct kh_k2pos_s’
  183 |         typedef struct kh_##name##_s { \
      |                        ^~~
khash.h:350:9: note: in expansion of macro ‘__KHASH_TYPE’
  350 |         __KHASH_TYPE(name, khkey_t, khval_t)                                                            \
      |         ^~~~~~~~~~~~
khash.h:354:9: note: in expansion of macro ‘KHASH_INIT2’
  354 |         KHASH_INIT2(name, static kh_inline klib_unused, khkey_t, khval_t, kh_is_map, __hash_func, __hash_equal)
      |         ^~~~~~~~~~~
khash.h:613:9: note: in expansion of macro ‘KHASH_INIT’
  613 |         KHASH_INIT(name, kh_cstr_t, khval_t, 1, kh_str_hash_func, kh_str_hash_equal)
      |         ^~~~~~~~~~
kmer.h:12:1: note: in expansion of macro ‘KHASH_MAP_INIT_STR’
   12 | KHASH_MAP_INIT_STR(k2pos, u32vec_t)
      | ^~~~~~~~~~~~~~~~~~
khash.h:183:24: note: originally defined here
  183 |         typedef struct kh_##name##_s { \
      |                        ^~~
khash.h:350:9: note: in expansion of macro ‘__KHASH_TYPE’
  350 |         __KHASH_TYPE(name, khkey_t, khval_t)                                                            \
      |         ^~~~~~~~~~~~
khash.h:354:9: note: in expansion of macro ‘KHASH_INIT2’
  354 |         KHASH_INIT2(name, static kh_inline klib_unused, khkey_t, khval_t, kh_is_map, __hash_func, __hash_equal)
      |         ^~~~~~~~~~~
khash.h:613:9: note: in expansion of macro ‘KHASH_INIT’
  613 |         KHASH_INIT(name, kh_cstr_t, khval_t, 1, kh_str_hash_func, kh_str_hash_equal)
      |         ^~~~~~~~~~
kmer.h:12:1: note: in expansion of macro ‘KHASH_MAP_INIT_STR’
   12 | KHASH_MAP_INIT_STR(k2pos, u32vec_t)
      | ^~~~~~~~~~~~~~~~~~
khash.h:188:11: error: conflicting types for ‘kh_k2pos_t’; have ‘struct kh_k2pos_s’
  188 |         } kh_##name##_t;
      |           ^~~
khash.h:350:9: note: in expansion of macro ‘__KHASH_TYPE’
  350 |         __KHASH_TYPE(name, khkey_t, khval_t)                                                            \
      |         ^~~~~~~~~~~~
khash.h:354:9: note: in expansion of macro ‘KHASH_INIT2’
  354 |         KHASH_INIT2(name, static kh_inline klib_unused, khkey_t, khval_t, kh_is_map, __hash_func, __hash_equal)
      |         ^~~~~~~~~~~
khash.h:613:9: note: in expansion of macro ‘KHASH_INIT’
  613 |         KHASH_INIT(name, kh_cstr_t, khval_t, 1, kh_str_hash_func, kh_str_hash_equal)
      |         ^~~~~~~~~~
kmer.h:12:1: note: in expansion of macro ‘KHASH_MAP_INIT_STR’
   12 | KHASH_MAP_INIT_STR(k2pos, u32vec_t)
      | ^~~~~~~~~~~~~~~~~~
khash.h:188:11: note: previous declaration of ‘kh_k2pos_t’ with type ‘kh_k2pos_t’ {aka ‘struct kh_k2pos_s’}
  188 |         } kh_##name##_t;
      |           ^~~
khash.h:350:9: note: in expansion of macro ‘__KHASH_TYPE’
  350 |         __KHASH_TYPE(name, khkey_t, khval_t)                                                            \
      |         ^~~~~~~~~~~~
khash.h:354:9: note: in expansion of macro ‘KHASH_INIT2’
  354 |         KHASH_INIT2(name, static kh_inline klib_unused, khkey_t, khval_t, kh_is_map, __hash_func, __hash_equal)
      |         ^~~~~~~~~~~
khash.h:613:9: note: in expansion of macro ‘KHASH_INIT’
  613 |         KHASH_INIT(name, kh_cstr_t, khval_t, 1, kh_str_hash_func, kh_str_hash_equal)
      |         ^~~~~~~~~~
kmer.h:12:1: note: in expansion of macro ‘KHASH_MAP_INIT_STR’
   12 | KHASH_MAP_INIT_STR(k2pos, u32vec_t)
      | ^~~~~~~~~~~~~~~~~~
khash.h:200:30: error: conflicting types for ‘kh_init_k2pos’; have ‘kh_k2pos_t *(void)’ {aka ‘struct kh_k2pos_s *(void)’}
  200 |         SCOPE kh_##name##_t *kh_init_##name(void) {                                                     \
      |                              ^~~~~~~~
khash.h:351:9: note: in expansion of macro ‘__KHASH_IMPL’
  351 |         __KHASH_IMPL(name, SCOPE, khkey_t, khval_t, kh_is_map, __hash_func, __hash_equal)
      |         ^~~~~~~~~~~~
khash.h:354:9: note: in expansion of macro ‘KHASH_INIT2’
  354 |         KHASH_INIT2(name, static kh_inline klib_unused, khkey_t, khval_t, kh_is_map, __hash_func, __hash_equal)
      |         ^~~~~~~~~~~
khash.h:613:9: note: in expansion of macro ‘KHASH_INIT’
  613 |         KHASH_INIT(name, kh_cstr_t, khval_t, 1, kh_str_hash_func, kh_str_hash_equal)
      |         ^~~~~~~~~~
kmer.h:12:1: note: in expansion of macro ‘KHASH_MAP_INIT_STR’
   12 | KHASH_MAP_INIT_STR(k2pos, u32vec_t)
      | ^~~~~~~~~~~~~~~~~~
khash.h:200:30: note: previous definition of ‘kh_init_k2pos’ with type ‘kh_k2pos_t *(void)’ {aka ‘struct kh_k2pos_s *(void)’}
  200 |         SCOPE kh_##name##_t *kh_init_##name(void) {                                                     \
      |                              ^~~~~~~~
khash.h:351:9: note: in expansion of macro ‘__KHASH_IMPL’
  351 |         __KHASH_IMPL(name, SCOPE, khkey_t, khval_t, kh_is_map, __hash_func, __hash_equal)
      |         ^~~~~~~~~~~~
khash.h:354:9: note: in expansion of macro ‘KHASH_INIT2’
  354 |         KHASH_INIT2(name, static kh_inline klib_unused, khkey_t, khval_t, kh_is_map, __hash_func, __hash_equal)
      |         ^~~~~~~~~~~
khash.h:613:9: note: in expansion of macro ‘KHASH_INIT’
  613 |         KHASH_INIT(name, kh_cstr_t, khval_t, 1, kh_str_hash_func, kh_str_hash_equal)
      |         ^~~~~~~~~~
kmer.h:12:1: note: in expansion of macro ‘KHASH_MAP_INIT_STR’
   12 | KHASH_MAP_INIT_STR(k2pos, u32vec_t)
      | ^~~~~~~~~~~~~~~~~~
khash.h:203:20: error: conflicting types for ‘kh_destroy_k2pos’; have ‘void(kh_k2pos_t *)’ {aka ‘void(struct kh_k2pos_s *)’}
  203 |         SCOPE void kh_destroy_##name(kh_##name##_t *h)                                          \
      |                    ^~~~~~~~~~~
khash.h:351:9: note: in expansion of macro ‘__KHASH_IMPL’
  351 |         __KHASH_IMPL(name, SCOPE, khkey_t, khval_t, kh_is_map, __hash_func, __hash_equal)
      |         ^~~~~~~~~~~~
khash.h:354:9: note: in expansion of macro ‘KHASH_INIT2’
  354 |         KHASH_INIT2(name, static kh_inline klib_unused, khkey_t, khval_t, kh_is_map, __hash_func, __hash_equal)
      |         ^~~~~~~~~~~
khash.h:613:9: note: in expansion of macro ‘KHASH_INIT’
  613 |         KHASH_INIT(name, kh_cstr_t, khval_t, 1, kh_str_hash_func, kh_str_hash_equal)
      |         ^~~~~~~~~~
kmer.h:12:1: note: in expansion of macro ‘KHASH_MAP_INIT_STR’
   12 | KHASH_MAP_INIT_STR(k2pos, u32vec_t)
      | ^~~~~~~~~~~~~~~~~~
khash.h:203:20: note: previous definition of ‘kh_destroy_k2pos’ with type ‘void(kh_k2pos_t *)’ {aka ‘void(struct kh_k2pos_s *)’}
  203 |         SCOPE void kh_destroy_##name(kh_##name##_t *h)                                          \
      |                    ^~~~~~~~~~~
khash.h:351:9: note: in expansion of macro ‘__KHASH_IMPL’
  351 |         __KHASH_IMPL(name, SCOPE, khkey_t, khval_t, kh_is_map, __hash_func, __hash_equal)
      |         ^~~~~~~~~~~~
khash.h:354:9: note: in expansion of macro ‘KHASH_INIT2’
  354 |         KHASH_INIT2(name, static kh_inline klib_unused, khkey_t, khval_t, kh_is_map, __hash_func, __hash_equal)
      |         ^~~~~~~~~~~
khash.h:613:9: note: in expansion of macro ‘KHASH_INIT’
  613 |         KHASH_INIT(name, kh_cstr_t, khval_t, 1, kh_str_hash_func, kh_str_hash_equal)
      |         ^~~~~~~~~~
kmer.h:12:1: note: in expansion of macro ‘KHASH_MAP_INIT_STR’
   12 | KHASH_MAP_INIT_STR(k2pos, u32vec_t)
      | ^~~~~~~~~~~~~~~~~~
khash.h:211:20: error: conflicting types for ‘kh_clear_k2pos’; have ‘void(kh_k2pos_t *)’ {aka ‘void(struct kh_k2pos_s *)’}
  211 |         SCOPE void kh_clear_##name(kh_##name##_t *h)                                            \
      |                    ^~~~~~~~~
khash.h:351:9: note: in expansion of macro ‘__KHASH_IMPL’
  351 |         __KHASH_IMPL(name, SCOPE, khkey_t, khval_t, kh_is_map, __hash_func, __hash_equal)
      |         ^~~~~~~~~~~~
khash.h:354:9: note: in expansion of macro ‘KHASH_INIT2’
  354 |         KHASH_INIT2(name, static kh_inline klib_unused, khkey_t, khval_t, kh_is_map, __hash_func, __hash_equal)
      |         ^~~~~~~~~~~
khash.h:613:9: note: in expansion of macro ‘KHASH_INIT’
  613 |         KHASH_INIT(name, kh_cstr_t, khval_t, 1, kh_str_hash_func, kh_str_hash_equal)
      |         ^~~~~~~~~~
kmer.h:12:1: note: in expansion of macro ‘KHASH_MAP_INIT_STR’
   12 | KHASH_MAP_INIT_STR(k2pos, u32vec_t)
      | ^~~~~~~~~~~~~~~~~~
khash.h:211:20: note: previous definition of ‘kh_clear_k2pos’ with type ‘void(kh_k2pos_t *)’ {aka ‘void(struct kh_k2pos_s *)’}
  211 |         SCOPE void kh_clear_##name(kh_##name##_t *h)                                            \
      |                    ^~~~~~~~~
khash.h:351:9: note: in expansion of macro ‘__KHASH_IMPL’
  351 |         __KHASH_IMPL(name, SCOPE, khkey_t, khval_t, kh_is_map, __hash_func, __hash_equal)
      |         ^~~~~~~~~~~~
khash.h:354:9: note: in expansion of macro ‘KHASH_INIT2’
  354 |         KHASH_INIT2(name, static kh_inline klib_unused, khkey_t, khval_t, kh_is_map, __hash_func, __hash_equal)
      |         ^~~~~~~~~~~
khash.h:613:9: note: in expansion of macro ‘KHASH_INIT’
  613 |         KHASH_INIT(name, kh_cstr_t, khval_t, 1, kh_str_hash_func, kh_str_hash_equal)
      |         ^~~~~~~~~~
kmer.h:12:1: note: in expansion of macro ‘KHASH_MAP_INIT_STR’
   12 | KHASH_MAP_INIT_STR(k2pos, u32vec_t)
      | ^~~~~~~~~~~~~~~~~~
khash.h:218:23: error: conflicting types for ‘kh_get_k2pos’; have ‘khint_t(const kh_k2pos_t *, const char *)’ {aka ‘unsigned int(const struct kh_k2pos_s *, const char *)’}
  218 |         SCOPE khint_t kh_get_##name(const kh_##name##_t *h, khkey_t key)        \
      |                       ^~~~~~~
khash.h:351:9: note: in expansion of macro ‘__KHASH_IMPL’
  351 |         __KHASH_IMPL(name, SCOPE, khkey_t, khval_t, kh_is_map, __hash_func, __hash_equal)
      |         ^~~~~~~~~~~~
khash.h:354:9: note: in expansion of macro ‘KHASH_INIT2’
  354 |         KHASH_INIT2(name, static kh_inline klib_unused, khkey_t, khval_t, kh_is_map, __hash_func, __hash_equal)
      |         ^~~~~~~~~~~
khash.h:613:9: note: in expansion of macro ‘KHASH_INIT’
  613 |         KHASH_INIT(name, kh_cstr_t, khval_t, 1, kh_str_hash_func, kh_str_hash_equal)
      |         ^~~~~~~~~~
kmer.h:12:1: note: in expansion of macro ‘KHASH_MAP_INIT_STR’
   12 | KHASH_MAP_INIT_STR(k2pos, u32vec_t)
      | ^~~~~~~~~~~~~~~~~~
khash.h:218:23: note: previous definition of ‘kh_get_k2pos’ with type ‘khint_t(const kh_k2pos_t *, const char *)’ {aka ‘unsigned int(const struct kh_k2pos_s *, const char *)’}
  218 |         SCOPE khint_t kh_get_##name(const kh_##name##_t *h, khkey_t key)        \
      |                       ^~~~~~~
khash.h:351:9: note: in expansion of macro ‘__KHASH_IMPL’
  351 |         __KHASH_IMPL(name, SCOPE, khkey_t, khval_t, kh_is_map, __hash_func, __hash_equal)
      |         ^~~~~~~~~~~~
khash.h:354:9: note: in expansion of macro ‘KHASH_INIT2’
  354 |         KHASH_INIT2(name, static kh_inline klib_unused, khkey_t, khval_t, kh_is_map, __hash_func, __hash_equal)
      |         ^~~~~~~~~~~
khash.h:613:9: note: in expansion of macro ‘KHASH_INIT’
  613 |         KHASH_INIT(name, kh_cstr_t, khval_t, 1, kh_str_hash_func, kh_str_hash_equal)
      |         ^~~~~~~~~~
kmer.h:12:1: note: in expansion of macro ‘KHASH_MAP_INIT_STR’
   12 | KHASH_MAP_INIT_STR(k2pos, u32vec_t)
      | ^~~~~~~~~~~~~~~~~~
khash.h:232:19: error: conflicting types for ‘kh_resize_k2pos’; have ‘int(kh_k2pos_t *, khint_t)’ {aka ‘int(struct kh_k2pos_s *, unsigned int)’}
  232 |         SCOPE int kh_resize_##name(kh_##name##_t *h, khint_t new_n_buckets) \
      |                   ^~~~~~~~~~
khash.h:351:9: note: in expansion of macro ‘__KHASH_IMPL’
  351 |         __KHASH_IMPL(name, SCOPE, khkey_t, khval_t, kh_is_map, __hash_func, __hash_equal)
      |         ^~~~~~~~~~~~
khash.h:354:9: note: in expansion of macro ‘KHASH_INIT2’
  354 |         KHASH_INIT2(name, static kh_inline klib_unused, khkey_t, khval_t, kh_is_map, __hash_func, __hash_equal)
      |         ^~~~~~~~~~~
khash.h:613:9: note: in expansion of macro ‘KHASH_INIT’
  613 |         KHASH_INIT(name, kh_cstr_t, khval_t, 1, kh_str_hash_func, kh_str_hash_equal)
      |         ^~~~~~~~~~
kmer.h:12:1: note: in expansion of macro ‘KHASH_MAP_INIT_STR’
   12 | KHASH_MAP_INIT_STR(k2pos, u32vec_t)
      | ^~~~~~~~~~~~~~~~~~
khash.h:232:19: note: previous definition of ‘kh_resize_k2pos’ with type ‘int(kh_k2pos_t *, khint_t)’ {aka ‘int(struct kh_k2pos_s *, unsigned int)’}
  232 |         SCOPE int kh_resize_##name(kh_##name##_t *h, khint_t new_n_buckets) \
      |                   ^~~~~~~~~~
khash.h:351:9: note: in expansion of macro ‘__KHASH_IMPL’
  351 |         __KHASH_IMPL(name, SCOPE, khkey_t, khval_t, kh_is_map, __hash_func, __hash_equal)
      |         ^~~~~~~~~~~~
khash.h:354:9: note: in expansion of macro ‘KHASH_INIT2’
  354 |         KHASH_INIT2(name, static kh_inline klib_unused, khkey_t, khval_t, kh_is_map, __hash_func, __hash_equal)
      |         ^~~~~~~~~~~
khash.h:613:9: note: in expansion of macro ‘KHASH_INIT’
  613 |         KHASH_INIT(name, kh_cstr_t, khval_t, 1, kh_str_hash_func, kh_str_hash_equal)
      |         ^~~~~~~~~~
kmer.h:12:1: note: in expansion of macro ‘KHASH_MAP_INIT_STR’
   12 | KHASH_MAP_INIT_STR(k2pos, u32vec_t)
      | ^~~~~~~~~~~~~~~~~~
khash.h:295:23: error: conflicting types for ‘kh_put_k2pos’; have ‘khint_t(kh_k2pos_t *, const char *, int *)’ {aka ‘unsigned int(struct kh_k2pos_s *, const char *, int *)’}
  295 |         SCOPE khint_t kh_put_##name(kh_##name##_t *h, khkey_t key, int *ret) \
      |                       ^~~~~~~
khash.h:351:9: note: in expansion of macro ‘__KHASH_IMPL’
  351 |         __KHASH_IMPL(name, SCOPE, khkey_t, khval_t, kh_is_map, __hash_func, __hash_equal)
      |         ^~~~~~~~~~~~
khash.h:354:9: note: in expansion of macro ‘KHASH_INIT2’
  354 |         KHASH_INIT2(name, static kh_inline klib_unused, khkey_t, khval_t, kh_is_map, __hash_func, __hash_equal)
      |         ^~~~~~~~~~~
khash.h:613:9: note: in expansion of macro ‘KHASH_INIT’
  613 |         KHASH_INIT(name, kh_cstr_t, khval_t, 1, kh_str_hash_func, kh_str_hash_equal)
      |         ^~~~~~~~~~
kmer.h:12:1: note: in expansion of macro ‘KHASH_MAP_INIT_STR’
   12 | KHASH_MAP_INIT_STR(k2pos, u32vec_t)
      | ^~~~~~~~~~~~~~~~~~
khash.h:295:23: note: previous definition of ‘kh_put_k2pos’ with type ‘khint_t(kh_k2pos_t *, const char *, int *)’ {aka ‘unsigned int(struct kh_k2pos_s *, const char *, int *)’}
  295 |         SCOPE khint_t kh_put_##name(kh_##name##_t *h, khkey_t key, int *ret) \
      |                       ^~~~~~~
khash.h:351:9: note: in expansion of macro ‘__KHASH_IMPL’
  351 |         __KHASH_IMPL(name, SCOPE, khkey_t, khval_t, kh_is_map, __hash_func, __hash_equal)
      |         ^~~~~~~~~~~~
khash.h:354:9: note: in expansion of macro ‘KHASH_INIT2’
  354 |         KHASH_INIT2(name, static kh_inline klib_unused, khkey_t, khval_t, kh_is_map, __hash_func, __hash_equal)
      |         ^~~~~~~~~~~
khash.h:613:9: note: in expansion of macro ‘KHASH_INIT’
  613 |         KHASH_INIT(name, kh_cstr_t, khval_t, 1, kh_str_hash_func, kh_str_hash_equal)
      |         ^~~~~~~~~~
kmer.h:12:1: note: in expansion of macro ‘KHASH_MAP_INIT_STR’
   12 | KHASH_MAP_INIT_STR(k2pos, u32vec_t)
      | ^~~~~~~~~~~~~~~~~~
khash.h:337:20: error: conflicting types for ‘kh_del_k2pos’; have ‘void(kh_k2pos_t *, khint_t)’ {aka ‘void(struct kh_k2pos_s *, unsigned int)’}
  337 |         SCOPE void kh_del_##name(kh_##name##_t *h, khint_t x)                           \
      |                    ^~~~~~~
khash.h:351:9: note: in expansion of macro ‘__KHASH_IMPL’
  351 |         __KHASH_IMPL(name, SCOPE, khkey_t, khval_t, kh_is_map, __hash_func, __hash_equal)
      |         ^~~~~~~~~~~~
khash.h:354:9: note: in expansion of macro ‘KHASH_INIT2’
  354 |         KHASH_INIT2(name, static kh_inline klib_unused, khkey_t, khval_t, kh_is_map, __hash_func, __hash_equal)
      |         ^~~~~~~~~~~
khash.h:613:9: note: in expansion of macro ‘KHASH_INIT’
  613 |         KHASH_INIT(name, kh_cstr_t, khval_t, 1, kh_str_hash_func, kh_str_hash_equal)
      |         ^~~~~~~~~~
kmer.h:12:1: note: in expansion of macro ‘KHASH_MAP_INIT_STR’
   12 | KHASH_MAP_INIT_STR(k2pos, u32vec_t)
      | ^~~~~~~~~~~~~~~~~~
khash.h:337:20: note: previous definition of ‘kh_del_k2pos’ with type ‘void(kh_k2pos_t *, khint_t)’ {aka ‘void(struct kh_k2pos_s *, unsigned int)’}
  337 |         SCOPE void kh_del_##name(kh_##name##_t *h, khint_t x)                           \
      |                    ^~~~~~~
khash.h:351:9: note: in expansion of macro ‘__KHASH_IMPL’
  351 |         __KHASH_IMPL(name, SCOPE, khkey_t, khval_t, kh_is_map, __hash_func, __hash_equal)
      |         ^~~~~~~~~~~~
khash.h:354:9: note: in expansion of macro ‘KHASH_INIT2’
  354 |         KHASH_INIT2(name, static kh_inline klib_unused, khkey_t, khval_t, kh_is_map, __hash_func, __hash_equal)
      |         ^~~~~~~~~~~
khash.h:613:9: note: in expansion of macro ‘KHASH_INIT’
  613 |         KHASH_INIT(name, kh_cstr_t, khval_t, 1, kh_str_hash_func, kh_str_hash_equal)
      |         ^~~~~~~~~~
kmer.h:12:1: note: in expansion of macro ‘KHASH_MAP_INIT_STR’
   12 | KHASH_MAP_INIT_STR(k2pos, u32vec_t)
      | ^~~~~~~~~~~~~~~~~~
khash.h:183:24: error: redefinition of ‘struct kh_k2pos64_s’
  183 |         typedef struct kh_##name##_s { \
      |                        ^~~
khash.h:350:9: note: in expansion of macro ‘__KHASH_TYPE’
  350 |         __KHASH_TYPE(name, khkey_t, khval_t)                                                            \
      |         ^~~~~~~~~~~~
khash.h:354:9: note: in expansion of macro ‘KHASH_INIT2’
  354 |         KHASH_INIT2(name, static kh_inline klib_unused, khkey_t, khval_t, kh_is_map, __hash_func, __hash_equal)
      |         ^~~~~~~~~~~
khash.h:597:9: note: in expansion of macro ‘KHASH_INIT’
  597 |         KHASH_INIT(name, khint64_t, khval_t, 1, kh_int64_hash_func, kh_int64_hash_equal)
      |         ^~~~~~~~~~
kmer.h:13:1: note: in expansion of macro ‘KHASH_MAP_INIT_INT64’
   13 | KHASH_MAP_INIT_INT64(k2pos64, u32vec_t)   // map: uint64_t -> positions
      | ^~~~~~~~~~~~~~~~~~~~
khash.h:183:24: note: originally defined here
  183 |         typedef struct kh_##name##_s { \
      |                        ^~~
khash.h:350:9: note: in expansion of macro ‘__KHASH_TYPE’
  350 |         __KHASH_TYPE(name, khkey_t, khval_t)                                                            \
      |         ^~~~~~~~~~~~
khash.h:354:9: note: in expansion of macro ‘KHASH_INIT2’
  354 |         KHASH_INIT2(name, static kh_inline klib_unused, khkey_t, khval_t, kh_is_map, __hash_func, __hash_equal)
      |         ^~~~~~~~~~~
khash.h:597:9: note: in expansion of macro ‘KHASH_INIT’
  597 |         KHASH_INIT(name, khint64_t, khval_t, 1, kh_int64_hash_func, kh_int64_hash_equal)
      |         ^~~~~~~~~~
kmer.h:13:1: note: in expansion of macro ‘KHASH_MAP_INIT_INT64’
   13 | KHASH_MAP_INIT_INT64(k2pos64, u32vec_t)   // map: uint64_t -> positions
      | ^~~~~~~~~~~~~~~~~~~~
khash.h:188:11: error: conflicting types for ‘kh_k2pos64_t’; have ‘struct kh_k2pos64_s’
  188 |         } kh_##name##_t;
      |           ^~~
khash.h:350:9: note: in expansion of macro ‘__KHASH_TYPE’
  350 |         __KHASH_TYPE(name, khkey_t, khval_t)                                                            \
      |         ^~~~~~~~~~~~
khash.h:354:9: note: in expansion of macro ‘KHASH_INIT2’
  354 |         KHASH_INIT2(name, static kh_inline klib_unused, khkey_t, khval_t, kh_is_map, __hash_func, __hash_equal)
      |         ^~~~~~~~~~~
khash.h:597:9: note: in expansion of macro ‘KHASH_INIT’
  597 |         KHASH_INIT(name, khint64_t, khval_t, 1, kh_int64_hash_func, kh_int64_hash_equal)
      |         ^~~~~~~~~~
kmer.h:13:1: note: in expansion of macro ‘KHASH_MAP_INIT_INT64’
   13 | KHASH_MAP_INIT_INT64(k2pos64, u32vec_t)   // map: uint64_t -> positions
      | ^~~~~~~~~~~~~~~~~~~~
khash.h:188:11: note: previous declaration of ‘kh_k2pos64_t’ with type ‘kh_k2pos64_t’ {aka ‘struct kh_k2pos64_s’}
  188 |         } kh_##name##_t;
      |           ^~~
khash.h:350:9: note: in expansion of macro ‘__KHASH_TYPE’
  350 |         __KHASH_TYPE(name, khkey_t, khval_t)                                                            \
      |         ^~~~~~~~~~~~
khash.h:354:9: note: in expansion of macro ‘KHASH_INIT2’
  354 |         KHASH_INIT2(name, static kh_inline klib_unused, khkey_t, khval_t, kh_is_map, __hash_func, __hash_equal)
      |         ^~~~~~~~~~~
khash.h:597:9: note: in expansion of macro ‘KHASH_INIT’
  597 |         KHASH_INIT(name, khint64_t, khval_t, 1, kh_int64_hash_func, kh_int64_hash_equal)
      |         ^~~~~~~~~~
kmer.h:13:1: note: in expansion of macro ‘KHASH_MAP_INIT_INT64’
   13 | KHASH_MAP_INIT_INT64(k2pos64, u32vec_t)   // map: uint64_t -> positions
      | ^~~~~~~~~~~~~~~~~~~~
khash.h:200:30: error: conflicting types for ‘kh_init_k2pos64’; have ‘kh_k2pos64_t *(void)’ {aka ‘struct kh_k2pos64_s *(void)’}
  200 |         SCOPE kh_##name##_t *kh_init_##name(void) {                                                     \
      |                              ^~~~~~~~
khash.h:351:9: note: in expansion of macro ‘__KHASH_IMPL’
  351 |         __KHASH_IMPL(name, SCOPE, khkey_t, khval_t, kh_is_map, __hash_func, __hash_equal)
      |         ^~~~~~~~~~~~
khash.h:354:9: note: in expansion of macro ‘KHASH_INIT2’
  354 |         KHASH_INIT2(name, static kh_inline klib_unused, khkey_t, khval_t, kh_is_map, __hash_func, __hash_equal)
      |         ^~~~~~~~~~~
khash.h:597:9: note: in expansion of macro ‘KHASH_INIT’
  597 |         KHASH_INIT(name, khint64_t, khval_t, 1, kh_int64_hash_func, kh_int64_hash_equal)
      |         ^~~~~~~~~~
kmer.h:13:1: note: in expansion of macro ‘KHASH_MAP_INIT_INT64’
   13 | KHASH_MAP_INIT_INT64(k2pos64, u32vec_t)   // map: uint64_t -> positions
      | ^~~~~~~~~~~~~~~~~~~~
khash.h:200:30: note: previous definition of ‘kh_init_k2pos64’ with type ‘kh_k2pos64_t *(void)’ {aka ‘struct kh_k2pos64_s *(void)’}
  200 |         SCOPE kh_##name##_t *kh_init_##name(void) {                                                     \
      |                              ^~~~~~~~
khash.h:351:9: note: in expansion of macro ‘__KHASH_IMPL’
  351 |         __KHASH_IMPL(name, SCOPE, khkey_t, khval_t, kh_is_map, __hash_func, __hash_equal)
      |         ^~~~~~~~~~~~
khash.h:354:9: note: in expansion of macro ‘KHASH_INIT2’
  354 |         KHASH_INIT2(name, static kh_inline klib_unused, khkey_t, khval_t, kh_is_map, __hash_func, __hash_equal)
      |         ^~~~~~~~~~~
khash.h:597:9: note: in expansion of macro ‘KHASH_INIT’
  597 |         KHASH_INIT(name, khint64_t, khval_t, 1, kh_int64_hash_func, kh_int64_hash_equal)
      |         ^~~~~~~~~~
kmer.h:13:1: note: in expansion of macro ‘KHASH_MAP_INIT_INT64’
   13 | KHASH_MAP_INIT_INT64(k2pos64, u32vec_t)   // map: uint64_t -> positions
      | ^~~~~~~~~~~~~~~~~~~~
khash.h:203:20: error: conflicting types for ‘kh_destroy_k2pos64’; have ‘void(kh_k2pos64_t *)’ {aka ‘void(struct kh_k2pos64_s *)’}
  203 |         SCOPE void kh_destroy_##name(kh_##name##_t *h)                                          \
      |                    ^~~~~~~~~~~
khash.h:351:9: note: in expansion of macro ‘__KHASH_IMPL’
  351 |         __KHASH_IMPL(name, SCOPE, khkey_t, khval_t, kh_is_map, __hash_func, __hash_equal)
      |         ^~~~~~~~~~~~
khash.h:354:9: note: in expansion of macro ‘KHASH_INIT2’
  354 |         KHASH_INIT2(name, static kh_inline klib_unused, khkey_t, khval_t, kh_is_map, __hash_func, __hash_equal)
      |         ^~~~~~~~~~~
khash.h:597:9: note: in expansion of macro ‘KHASH_INIT’
  597 |         KHASH_INIT(name, khint64_t, khval_t, 1, kh_int64_hash_func, kh_int64_hash_equal)
      |         ^~~~~~~~~~
kmer.h:13:1: note: in expansion of macro ‘KHASH_MAP_INIT_INT64’
   13 | KHASH_MAP_INIT_INT64(k2pos64, u32vec_t)   // map: uint64_t -> positions
      | ^~~~~~~~~~~~~~~~~~~~
khash.h:203:20: note: previous definition of ‘kh_destroy_k2pos64’ with type ‘void(kh_k2pos64_t *)’ {aka ‘void(struct kh_k2pos64_s *)’}
  203 |         SCOPE void kh_destroy_##name(kh_##name##_t *h)                                          \
      |                    ^~~~~~~~~~~
khash.h:351:9: note: in expansion of macro ‘__KHASH_IMPL’
  351 |         __KHASH_IMPL(name, SCOPE, khkey_t, khval_t, kh_is_map, __hash_func, __hash_equal)
      |         ^~~~~~~~~~~~
khash.h:354:9: note: in expansion of macro ‘KHASH_INIT2’
  354 |         KHASH_INIT2(name, static kh_inline klib_unused, khkey_t, khval_t, kh_is_map, __hash_func, __hash_equal)
      |         ^~~~~~~~~~~
khash.h:597:9: note: in expansion of macro ‘KHASH_INIT’
  597 |         KHASH_INIT(name, khint64_t, khval_t, 1, kh_int64_hash_func, kh_int64_hash_equal)
      |         ^~~~~~~~~~
kmer.h:13:1: note: in expansion of macro ‘KHASH_MAP_INIT_INT64’
   13 | KHASH_MAP_INIT_INT64(k2pos64, u32vec_t)   // map: uint64_t -> positions
      | ^~~~~~~~~~~~~~~~~~~~
khash.h:211:20: error: conflicting types for ‘kh_clear_k2pos64’; have ‘void(kh_k2pos64_t *)’ {aka ‘void(struct kh_k2pos64_s *)’}
  211 |         SCOPE void kh_clear_##name(kh_##name##_t *h)                                            \
      |                    ^~~~~~~~~
khash.h:351:9: note: in expansion of macro ‘__KHASH_IMPL’
  351 |         __KHASH_IMPL(name, SCOPE, khkey_t, khval_t, kh_is_map, __hash_func, __hash_equal)
      |         ^~~~~~~~~~~~
khash.h:354:9: note: in expansion of macro ‘KHASH_INIT2’
  354 |         KHASH_INIT2(name, static kh_inline klib_unused, khkey_t, khval_t, kh_is_map, __hash_func, __hash_equal)
      |         ^~~~~~~~~~~
khash.h:597:9: note: in expansion of macro ‘KHASH_INIT’
  597 |         KHASH_INIT(name, khint64_t, khval_t, 1, kh_int64_hash_func, kh_int64_hash_equal)
      |         ^~~~~~~~~~
kmer.h:13:1: note: in expansion of macro ‘KHASH_MAP_INIT_INT64’
   13 | KHASH_MAP_INIT_INT64(k2pos64, u32vec_t)   // map: uint64_t -> positions
      | ^~~~~~~~~~~~~~~~~~~~
khash.h:211:20: note: previous definition of ‘kh_clear_k2pos64’ with type ‘void(kh_k2pos64_t *)’ {aka ‘void(struct kh_k2pos64_s *)’}
  211 |         SCOPE void kh_clear_##name(kh_##name##_t *h)                                            \
      |                    ^~~~~~~~~
khash.h:351:9: note: in expansion of macro ‘__KHASH_IMPL’
  351 |         __KHASH_IMPL(name, SCOPE, khkey_t, khval_t, kh_is_map, __hash_func, __hash_equal)
      |         ^~~~~~~~~~~~
khash.h:354:9: note: in expansion of macro ‘KHASH_INIT2’
  354 |         KHASH_INIT2(name, static kh_inline klib_unused, khkey_t, khval_t, kh_is_map, __hash_func, __hash_equal)
      |         ^~~~~~~~~~~
khash.h:597:9: note: in expansion of macro ‘KHASH_INIT’
  597 |         KHASH_INIT(name, khint64_t, khval_t, 1, kh_int64_hash_func, kh_int64_hash_equal)
      |         ^~~~~~~~~~
kmer.h:13:1: note: in expansion of macro ‘KHASH_MAP_INIT_INT64’
   13 | KHASH_MAP_INIT_INT64(k2pos64, u32vec_t)   // map: uint64_t -> positions
      | ^~~~~~~~~~~~~~~~~~~~
khash.h:218:23: error: conflicting types for ‘kh_get_k2pos64’; have ‘khint_t(const kh_k2pos64_t *, khint64_t)’ {aka ‘unsigned int(const struct kh_k2pos64_s *, long unsigned int)’}
  218 |         SCOPE khint_t kh_get_##name(const kh_##name##_t *h, khkey_t key)        \
      |                       ^~~~~~~
khash.h:351:9: note: in expansion of macro ‘__KHASH_IMPL’
  351 |         __KHASH_IMPL(name, SCOPE, khkey_t, khval_t, kh_is_map, __hash_func, __hash_equal)
      |         ^~~~~~~~~~~~
khash.h:354:9: note: in expansion of macro ‘KHASH_INIT2’
  354 |         KHASH_INIT2(name, static kh_inline klib_unused, khkey_t, khval_t, kh_is_map, __hash_func, __hash_equal)
      |         ^~~~~~~~~~~
khash.h:597:9: note: in expansion of macro ‘KHASH_INIT’
  597 |         KHASH_INIT(name, khint64_t, khval_t, 1, kh_int64_hash_func, kh_int64_hash_equal)
      |         ^~~~~~~~~~
kmer.h:13:1: note: in expansion of macro ‘KHASH_MAP_INIT_INT64’
   13 | KHASH_MAP_INIT_INT64(k2pos64, u32vec_t)   // map: uint64_t -> positions
      | ^~~~~~~~~~~~~~~~~~~~
khash.h:218:23: note: previous definition of ‘kh_get_k2pos64’ with type ‘khint_t(const kh_k2pos64_t *, khint64_t)’ {aka ‘unsigned int(const struct kh_k2pos64_s *, long unsigned int)’}
  218 |         SCOPE khint_t kh_get_##name(const kh_##name##_t *h, khkey_t key)        \
      |                       ^~~~~~~
khash.h:351:9: note: in expansion of macro ‘__KHASH_IMPL’
  351 |         __KHASH_IMPL(name, SCOPE, khkey_t, khval_t, kh_is_map, __hash_func, __hash_equal)
      |         ^~~~~~~~~~~~
khash.h:354:9: note: in expansion of macro ‘KHASH_INIT2’
  354 |         KHASH_INIT2(name, static kh_inline klib_unused, khkey_t, khval_t, kh_is_map, __hash_func, __hash_equal)
      |         ^~~~~~~~~~~
khash.h:597:9: note: in expansion of macro ‘KHASH_INIT’
  597 |         KHASH_INIT(name, khint64_t, khval_t, 1, kh_int64_hash_func, kh_int64_hash_equal)
      |         ^~~~~~~~~~
kmer.h:13:1: note: in expansion of macro ‘KHASH_MAP_INIT_INT64’
   13 | KHASH_MAP_INIT_INT64(k2pos64, u32vec_t)   // map: uint64_t -> positions
      | ^~~~~~~~~~~~~~~~~~~~
khash.h:232:19: error: conflicting types for ‘kh_resize_k2pos64’; have ‘int(kh_k2pos64_t *, khint_t)’ {aka ‘int(struct kh_k2pos64_s *, unsigned int)’}
  232 |         SCOPE int kh_resize_##name(kh_##name##_t *h, khint_t new_n_buckets) \
      |                   ^~~~~~~~~~
khash.h:351:9: note: in expansion of macro ‘__KHASH_IMPL’
  351 |         __KHASH_IMPL(name, SCOPE, khkey_t, khval_t, kh_is_map, __hash_func, __hash_equal)
      |         ^~~~~~~~~~~~
khash.h:354:9: note: in expansion of macro ‘KHASH_INIT2’
  354 |         KHASH_INIT2(name, static kh_inline klib_unused, khkey_t, khval_t, kh_is_map, __hash_func, __hash_equal)
      |         ^~~~~~~~~~~
khash.h:597:9: note: in expansion of macro ‘KHASH_INIT’
  597 |         KHASH_INIT(name, khint64_t, khval_t, 1, kh_int64_hash_func, kh_int64_hash_equal)
      |         ^~~~~~~~~~
kmer.h:13:1: note: in expansion of macro ‘KHASH_MAP_INIT_INT64’
   13 | KHASH_MAP_INIT_INT64(k2pos64, u32vec_t)   // map: uint64_t -> positions
      | ^~~~~~~~~~~~~~~~~~~~
khash.h:232:19: note: previous definition of ‘kh_resize_k2pos64’ with type ‘int(kh_k2pos64_t *, khint_t)’ {aka ‘int(struct kh_k2pos64_s *, unsigned int)’}
  232 |         SCOPE int kh_resize_##name(kh_##name##_t *h, khint_t new_n_buckets) \
      |                   ^~~~~~~~~~
khash.h:351:9: note: in expansion of macro ‘__KHASH_IMPL’
  351 |         __KHASH_IMPL(name, SCOPE, khkey_t, khval_t, kh_is_map, __hash_func, __hash_equal)
      |         ^~~~~~~~~~~~
khash.h:354:9: note: in expansion of macro ‘KHASH_INIT2’
  354 |         KHASH_INIT2(name, static kh_inline klib_unused, khkey_t, khval_t, kh_is_map, __hash_func, __hash_equal)
      |         ^~~~~~~~~~~
khash.h:597:9: note: in expansion of macro ‘KHASH_INIT’
  597 |         KHASH_INIT(name, khint64_t, khval_t, 1, kh_int64_hash_func, kh_int64_hash_equal)
      |         ^~~~~~~~~~
kmer.h:13:1: note: in expansion of macro ‘KHASH_MAP_INIT_INT64’
   13 | KHASH_MAP_INIT_INT64(k2pos64, u32vec_t)   // map: uint64_t -> positions
      | ^~~~~~~~~~~~~~~~~~~~
khash.h:295:23: error: conflicting types for ‘kh_put_k2pos64’; have ‘khint_t(kh_k2pos64_t *, khint64_t,  int *)’ {aka ‘unsigned int(struct kh_k2pos64_s *, long unsigned int,  int *)’}
  295 |         SCOPE khint_t kh_put_##name(kh_##name##_t *h, khkey_t key, int *ret) \
      |                       ^~~~~~~
khash.h:351:9: note: in expansion of macro ‘__KHASH_IMPL’
  351 |         __KHASH_IMPL(name, SCOPE, khkey_t, khval_t, kh_is_map, __hash_func, __hash_equal)
      |         ^~~~~~~~~~~~
khash.h:354:9: note: in expansion of macro ‘KHASH_INIT2’
  354 |         KHASH_INIT2(name, static kh_inline klib_unused, khkey_t, khval_t, kh_is_map, __hash_func, __hash_equal)
      |         ^~~~~~~~~~~
khash.h:597:9: note: in expansion of macro ‘KHASH_INIT’
  597 |         KHASH_INIT(name, khint64_t, khval_t, 1, kh_int64_hash_func, kh_int64_hash_equal)
      |         ^~~~~~~~~~
kmer.h:13:1: note: in expansion of macro ‘KHASH_MAP_INIT_INT64’
   13 | KHASH_MAP_INIT_INT64(k2pos64, u32vec_t)   // map: uint64_t -> positions
      | ^~~~~~~~~~~~~~~~~~~~
khash.h:295:23: note: previous definition of ‘kh_put_k2pos64’ with type ‘khint_t(kh_k2pos64_t *, khint64_t,  int *)’ {aka ‘unsigned int(struct kh_k2pos64_s *, long unsigned int,  int *)’}
  295 |         SCOPE khint_t kh_put_##name(kh_##name##_t *h, khkey_t key, int *ret) \
      |                       ^~~~~~~
khash.h:351:9: note: in expansion of macro ‘__KHASH_IMPL’
  351 |         __KHASH_IMPL(name, SCOPE, khkey_t, khval_t, kh_is_map, __hash_func, __hash_equal)
      |         ^~~~~~~~~~~~
khash.h:354:9: note: in expansion of macro ‘KHASH_INIT2’
  354 |         KHASH_INIT2(name, static kh_inline klib_unused, khkey_t, khval_t, kh_is_map, __hash_func, __hash_equal)
      |         ^~~~~~~~~~~
khash.h:597:9: note: in expansion of macro ‘KHASH_INIT’
  597 |         KHASH_INIT(name, khint64_t, khval_t, 1, kh_int64_hash_func, kh_int64_hash_equal)
      |         ^~~~~~~~~~
kmer.h:13:1: note: in expansion of macro ‘KHASH_MAP_INIT_INT64’
   13 | KHASH_MAP_INIT_INT64(k2pos64, u32vec_t)   // map: uint64_t -> positions
      | ^~~~~~~~~~~~~~~~~~~~
khash.h:337:20: error: conflicting types for ‘kh_del_k2pos64’; have ‘void(kh_k2pos64_t *, khint_t)’ {aka ‘void(struct kh_k2pos64_s *, unsigned int)’}
  337 |         SCOPE void kh_del_##name(kh_##name##_t *h, khint_t x)                           \
      |                    ^~~~~~~
khash.h:351:9: note: in expansion of macro ‘__KHASH_IMPL’
  351 |         __KHASH_IMPL(name, SCOPE, khkey_t, khval_t, kh_is_map, __hash_func, __hash_equal)
      |         ^~~~~~~~~~~~
khash.h:354:9: note: in expansion of macro ‘KHASH_INIT2’
  354 |         KHASH_INIT2(name, static kh_inline klib_unused, khkey_t, khval_t, kh_is_map, __hash_func, __hash_equal)
      |         ^~~~~~~~~~~
khash.h:597:9: note: in expansion of macro ‘KHASH_INIT’
  597 |         KHASH_INIT(name, khint64_t, khval_t, 1, kh_int64_hash_func, kh_int64_hash_equal)
      |         ^~~~~~~~~~
kmer.h:13:1: note: in expansion of macro ‘KHASH_MAP_INIT_INT64’
   13 | KHASH_MAP_INIT_INT64(k2pos64, u32vec_t)   // map: uint64_t -> positions
      | ^~~~~~~~~~~~~~~~~~~~
khash.h:337:20: note: previous definition of ‘kh_del_k2pos64’ with type ‘void(kh_k2pos64_t *, khint_t)’ {aka ‘void(struct kh_k2pos64_s *, unsigned int)’}
  337 |         SCOPE void kh_del_##name(kh_##name##_t *h, khint_t x)                           \
      |                    ^~~~~~~
khash.h:351:9: note: in expansion of macro ‘__KHASH_IMPL’
  351 |         __KHASH_IMPL(name, SCOPE, khkey_t, khval_t, kh_is_map, __hash_func, __hash_equal)
      |         ^~~~~~~~~~~~
khash.h:354:9: note: in expansion of macro ‘KHASH_INIT2’
  354 |         KHASH_INIT2(name, static kh_inline klib_unused, khkey_t, khval_t, kh_is_map, __hash_func, __hash_equal)
      |         ^~~~~~~~~~~
khash.h:597:9: note: in expansion of macro ‘KHASH_INIT’
  597 |         KHASH_INIT(name, khint64_t, khval_t, 1, kh_int64_hash_func, kh_int64_hash_equal)
      |         ^~~~~~~~~~
kmer.h:13:1: note: in expansion of macro ‘KHASH_MAP_INIT_INT64’
   13 | KHASH_MAP_INIT_INT64(k2pos64, u32vec_t)   // map: uint64_t -> positions
      | ^~~~~~~~~~~~~~~~~~~~
khash.h:183:24: error: redefinition of ‘struct kh_posset_s’
  183 |         typedef struct kh_##name##_s { \
      |                        ^~~
khash.h:350:9: note: in expansion of macro ‘__KHASH_TYPE’
  350 |         __KHASH_TYPE(name, khkey_t, khval_t)                                                            \
      |         ^~~~~~~~~~~~
khash.h:354:9: note: in expansion of macro ‘KHASH_INIT2’
  354 |         KHASH_INIT2(name, static kh_inline klib_unused, khkey_t, khval_t, kh_is_map, __hash_func, __hash_equal)
      |         ^~~~~~~~~~~
khash.h:574:9: note: in expansion of macro ‘KHASH_INIT’
  574 |         KHASH_INIT(name, khint32_t, char, 0, kh_int_hash_func, kh_int_hash_equal)
      |         ^~~~~~~~~~
kmer.h:16:1: note: in expansion of macro ‘KHASH_SET_INIT_INT’
   16 | KHASH_SET_INIT_INT(posset)    // set<uint32_t>
      | ^~~~~~~~~~~~~~~~~~
khash.h:183:24: note: originally defined here
  183 |         typedef struct kh_##name##_s { \
      |                        ^~~
khash.h:350:9: note: in expansion of macro ‘__KHASH_TYPE’
  350 |         __KHASH_TYPE(name, khkey_t, khval_t)                                                            \
      |         ^~~~~~~~~~~~
khash.h:354:9: note: in expansion of macro ‘KHASH_INIT2’
  354 |         KHASH_INIT2(name, static kh_inline klib_unused, khkey_t, khval_t, kh_is_map, __hash_func, __hash_equal)
      |         ^~~~~~~~~~~
khash.h:574:9: note: in expansion of macro ‘KHASH_INIT’
  574 |         KHASH_INIT(name, khint32_t, char, 0, kh_int_hash_func, kh_int_hash_equal)
      |         ^~~~~~~~~~
kmer.h:16:1: note: in expansion of macro ‘KHASH_SET_INIT_INT’
   16 | KHASH_SET_INIT_INT(posset)    // set<uint32_t>
      | ^~~~~~~~~~~~~~~~~~
khash.h:188:11: error: conflicting types for ‘kh_posset_t’; have ‘struct kh_posset_s’
  188 |         } kh_##name##_t;
      |           ^~~
khash.h:350:9: note: in expansion of macro ‘__KHASH_TYPE’
  350 |         __KHASH_TYPE(name, khkey_t, khval_t)                                                            \
      |         ^~~~~~~~~~~~
khash.h:354:9: note: in expansion of macro ‘KHASH_INIT2’
  354 |         KHASH_INIT2(name, static kh_inline klib_unused, khkey_t, khval_t, kh_is_map, __hash_func, __hash_equal)
      |         ^~~~~~~~~~~
khash.h:574:9: note: in expansion of macro ‘KHASH_INIT’
  574 |         KHASH_INIT(name, khint32_t, char, 0, kh_int_hash_func, kh_int_hash_equal)
      |         ^~~~~~~~~~
kmer.h:16:1: note: in expansion of macro ‘KHASH_SET_INIT_INT’
   16 | KHASH_SET_INIT_INT(posset)    // set<uint32_t>
      | ^~~~~~~~~~~~~~~~~~
khash.h:188:11: note: previous declaration of ‘kh_posset_t’ with type ‘kh_posset_t’ {aka ‘struct kh_posset_s’}
  188 |         } kh_##name##_t;
      |           ^~~
khash.h:350:9: note: in expansion of macro ‘__KHASH_TYPE’
  350 |         __KHASH_TYPE(name, khkey_t, khval_t)                                                            \
      |         ^~~~~~~~~~~~
khash.h:354:9: note: in expansion of macro ‘KHASH_INIT2’
  354 |         KHASH_INIT2(name, static kh_inline klib_unused, khkey_t, khval_t, kh_is_map, __hash_func, __hash_equal)
      |         ^~~~~~~~~~~
khash.h:574:9: note: in expansion of macro ‘KHASH_INIT’
  574 |         KHASH_INIT(name, khint32_t, char, 0, kh_int_hash_func, kh_int_hash_equal)
      |         ^~~~~~~~~~
kmer.h:16:1: note: in expansion of macro ‘KHASH_SET_INIT_INT’
   16 | KHASH_SET_INIT_INT(posset)    // set<uint32_t>
      | ^~~~~~~~~~~~~~~~~~
khash.h:200:30: error: conflicting types for ‘kh_init_posset’; have ‘kh_posset_t *(void)’ {aka ‘struct kh_posset_s *(void)’}
  200 |         SCOPE kh_##name##_t *kh_init_##name(void) {                                                     \
      |                              ^~~~~~~~
khash.h:351:9: note: in expansion of macro ‘__KHASH_IMPL’
  351 |         __KHASH_IMPL(name, SCOPE, khkey_t, khval_t, kh_is_map, __hash_func, __hash_equal)
      |         ^~~~~~~~~~~~
khash.h:354:9: note: in expansion of macro ‘KHASH_INIT2’
  354 |         KHASH_INIT2(name, static kh_inline klib_unused, khkey_t, khval_t, kh_is_map, __hash_func, __hash_equal)
      |         ^~~~~~~~~~~
khash.h:574:9: note: in expansion of macro ‘KHASH_INIT’
  574 |         KHASH_INIT(name, khint32_t, char, 0, kh_int_hash_func, kh_int_hash_equal)
      |         ^~~~~~~~~~
kmer.h:16:1: note: in expansion of macro ‘KHASH_SET_INIT_INT’
   16 | KHASH_SET_INIT_INT(posset)    // set<uint32_t>
      | ^~~~~~~~~~~~~~~~~~
khash.h:200:30: note: previous definition of ‘kh_init_posset’ with type ‘kh_posset_t *(void)’ {aka ‘struct kh_posset_s *(void)’}
  200 |         SCOPE kh_##name##_t *kh_init_##name(void) {                                                     \
      |                              ^~~~~~~~
khash.h:351:9: note: in expansion of macro ‘__KHASH_IMPL’
  351 |         __KHASH_IMPL(name, SCOPE, khkey_t, khval_t, kh_is_map, __hash_func, __hash_equal)
      |         ^~~~~~~~~~~~
khash.h:354:9: note: in expansion of macro ‘KHASH_INIT2’
  354 |         KHASH_INIT2(name, static kh_inline klib_unused, khkey_t, khval_t, kh_is_map, __hash_func, __hash_equal)
      |         ^~~~~~~~~~~
khash.h:574:9: note: in expansion of macro ‘KHASH_INIT’
  574 |         KHASH_INIT(name, khint32_t, char, 0, kh_int_hash_func, kh_int_hash_equal)
      |         ^~~~~~~~~~
kmer.h:16:1: note: in expansion of macro ‘KHASH_SET_INIT_INT’
   16 | KHASH_SET_INIT_INT(posset)    // set<uint32_t>
      | ^~~~~~~~~~~~~~~~~~
khash.h:203:20: error: conflicting types for ‘kh_destroy_posset’; have ‘void(kh_posset_t *)’ {aka ‘void(struct kh_posset_s *)’}
  203 |         SCOPE void kh_destroy_##name(kh_##name##_t *h)                                          \
      |                    ^~~~~~~~~~~
khash.h:351:9: note: in expansion of macro ‘__KHASH_IMPL’
  351 |         __KHASH_IMPL(name, SCOPE, khkey_t, khval_t, kh_is_map, __hash_func, __hash_equal)
      |         ^~~~~~~~~~~~
khash.h:354:9: note: in expansion of macro ‘KHASH_INIT2’
  354 |         KHASH_INIT2(name, static kh_inline klib_unused, khkey_t, khval_t, kh_is_map, __hash_func, __hash_equal)
      |         ^~~~~~~~~~~
khash.h:574:9: note: in expansion of macro ‘KHASH_INIT’
  574 |         KHASH_INIT(name, khint32_t, char, 0, kh_int_hash_func, kh_int_hash_equal)
      |         ^~~~~~~~~~
kmer.h:16:1: note: in expansion of macro ‘KHASH_SET_INIT_INT’
   16 | KHASH_SET_INIT_INT(posset)    // set<uint32_t>
      | ^~~~~~~~~~~~~~~~~~
khash.h:203:20: note: previous definition of ‘kh_destroy_posset’ with type ‘void(kh_posset_t *)’ {aka ‘void(struct kh_posset_s *)’}
  203 |         SCOPE void kh_destroy_##name(kh_##name##_t *h)                                          \
      |                    ^~~~~~~~~~~
khash.h:351:9: note: in expansion of macro ‘__KHASH_IMPL’
  351 |         __KHASH_IMPL(name, SCOPE, khkey_t, khval_t, kh_is_map, __hash_func, __hash_equal)
      |         ^~~~~~~~~~~~
khash.h:354:9: note: in expansion of macro ‘KHASH_INIT2’
  354 |         KHASH_INIT2(name, static kh_inline klib_unused, khkey_t, khval_t, kh_is_map, __hash_func, __hash_equal)
      |         ^~~~~~~~~~~
khash.h:574:9: note: in expansion of macro ‘KHASH_INIT’
  574 |         KHASH_INIT(name, khint32_t, char, 0, kh_int_hash_func, kh_int_hash_equal)
      |         ^~~~~~~~~~
kmer.h:16:1: note: in expansion of macro ‘KHASH_SET_INIT_INT’
   16 | KHASH_SET_INIT_INT(posset)    // set<uint32_t>
      | ^~~~~~~~~~~~~~~~~~
khash.h:211:20: error: conflicting types for ‘kh_clear_posset’; have ‘void(kh_posset_t *)’ {aka ‘void(struct kh_posset_s *)’}
  211 |         SCOPE void kh_clear_##name(kh_##name##_t *h)                                            \
      |                    ^~~~~~~~~
khash.h:351:9: note: in expansion of macro ‘__KHASH_IMPL’
  351 |         __KHASH_IMPL(name, SCOPE, khkey_t, khval_t, kh_is_map, __hash_func, __hash_equal)
      |         ^~~~~~~~~~~~
khash.h:354:9: note: in expansion of macro ‘KHASH_INIT2’
  354 |         KHASH_INIT2(name, static kh_inline klib_unused, khkey_t, khval_t, kh_is_map, __hash_func, __hash_equal)
      |         ^~~~~~~~~~~
khash.h:574:9: note: in expansion of macro ‘KHASH_INIT’
  574 |         KHASH_INIT(name, khint32_t, char, 0, kh_int_hash_func, kh_int_hash_equal)
      |         ^~~~~~~~~~
kmer.h:16:1: note: in expansion of macro ‘KHASH_SET_INIT_INT’
   16 | KHASH_SET_INIT_INT(posset)    // set<uint32_t>
      | ^~~~~~~~~~~~~~~~~~
khash.h:211:20: note: previous definition of ‘kh_clear_posset’ with type ‘void(kh_posset_t *)’ {aka ‘void(struct kh_posset_s *)’}
  211 |         SCOPE void kh_clear_##name(kh_##name##_t *h)                                            \
      |                    ^~~~~~~~~
khash.h:351:9: note: in expansion of macro ‘__KHASH_IMPL’
  351 |         __KHASH_IMPL(name, SCOPE, khkey_t, khval_t, kh_is_map, __hash_func, __hash_equal)
      |         ^~~~~~~~~~~~
khash.h:354:9: note: in expansion of macro ‘KHASH_INIT2’
  354 |         KHASH_INIT2(name, static kh_inline klib_unused, khkey_t, khval_t, kh_is_map, __hash_func, __hash_equal)
      |         ^~~~~~~~~~~
khash.h:574:9: note: in expansion of macro ‘KHASH_INIT’
  574 |         KHASH_INIT(name, khint32_t, char, 0, kh_int_hash_func, kh_int_hash_equal)
      |         ^~~~~~~~~~
kmer.h:16:1: note: in expansion of macro ‘KHASH_SET_INIT_INT’
   16 | KHASH_SET_INIT_INT(posset)    // set<uint32_t>
      | ^~~~~~~~~~~~~~~~~~
khash.h:218:23: error: conflicting types for ‘kh_get_posset’; have ‘khint_t(const kh_posset_t *, khint32_t)’ {aka ‘unsigned int(const struct kh_posset_s *, unsigned int)’}
  218 |         SCOPE khint_t kh_get_##name(const kh_##name##_t *h, khkey_t key)        \
      |                       ^~~~~~~
khash.h:351:9: note: in expansion of macro ‘__KHASH_IMPL’
  351 |         __KHASH_IMPL(name, SCOPE, khkey_t, khval_t, kh_is_map, __hash_func, __hash_equal)
      |         ^~~~~~~~~~~~
khash.h:354:9: note: in expansion of macro ‘KHASH_INIT2’
  354 |         KHASH_INIT2(name, static kh_inline klib_unused, khkey_t, khval_t, kh_is_map, __hash_func, __hash_equal)
      |         ^~~~~~~~~~~
khash.h:574:9: note: in expansion of macro ‘KHASH_INIT’
  574 |         KHASH_INIT(name, khint32_t, char, 0, kh_int_hash_func, kh_int_hash_equal)
      |         ^~~~~~~~~~
kmer.h:16:1: note: in expansion of macro ‘KHASH_SET_INIT_INT’
   16 | KHASH_SET_INIT_INT(posset)    // set<uint32_t>
      | ^~~~~~~~~~~~~~~~~~
khash.h:218:23: note: previous definition of ‘kh_get_posset’ with type ‘khint_t(const kh_posset_t *, khint32_t)’ {aka ‘unsigned int(const struct kh_posset_s *, unsigned int)’}
  218 |         SCOPE khint_t kh_get_##name(const kh_##name##_t *h, khkey_t key)        \
      |                       ^~~~~~~
khash.h:351:9: note: in expansion of macro ‘__KHASH_IMPL’
  351 |         __KHASH_IMPL(name, SCOPE, khkey_t, khval_t, kh_is_map, __hash_func, __hash_equal)
      |         ^~~~~~~~~~~~
khash.h:354:9: note: in expansion of macro ‘KHASH_INIT2’
  354 |         KHASH_INIT2(name, static kh_inline klib_unused, khkey_t, khval_t, kh_is_map, __hash_func, __hash_equal)
      |         ^~~~~~~~~~~
khash.h:574:9: note: in expansion of macro ‘KHASH_INIT’
  574 |         KHASH_INIT(name, khint32_t, char, 0, kh_int_hash_func, kh_int_hash_equal)
      |         ^~~~~~~~~~
kmer.h:16:1: note: in expansion of macro ‘KHASH_SET_INIT_INT’
   16 | KHASH_SET_INIT_INT(posset)    // set<uint32_t>
      | ^~~~~~~~~~~~~~~~~~
khash.h:232:19: error: conflicting types for ‘kh_resize_posset’; have ‘int(kh_posset_t *, khint_t)’ {aka ‘int(struct kh_posset_s *, unsigned int)’}
  232 |         SCOPE int kh_resize_##name(kh_##name##_t *h, khint_t new_n_buckets) \
      |                   ^~~~~~~~~~
khash.h:351:9: note: in expansion of macro ‘__KHASH_IMPL’
  351 |         __KHASH_IMPL(name, SCOPE, khkey_t, khval_t, kh_is_map, __hash_func, __hash_equal)
      |         ^~~~~~~~~~~~
khash.h:354:9: note: in expansion of macro ‘KHASH_INIT2’
  354 |         KHASH_INIT2(name, static kh_inline klib_unused, khkey_t, khval_t, kh_is_map, __hash_func, __hash_equal)
      |         ^~~~~~~~~~~
khash.h:574:9: note: in expansion of macro ‘KHASH_INIT’
  574 |         KHASH_INIT(name, khint32_t, char, 0, kh_int_hash_func, kh_int_hash_equal)
      |         ^~~~~~~~~~
kmer.h:16:1: note: in expansion of macro ‘KHASH_SET_INIT_INT’
   16 | KHASH_SET_INIT_INT(posset)    // set<uint32_t>
      | ^~~~~~~~~~~~~~~~~~
khash.h:232:19: note: previous definition of ‘kh_resize_posset’ with type ‘int(kh_posset_t *, khint_t)’ {aka ‘int(struct kh_posset_s *, unsigned int)’}
  232 |         SCOPE int kh_resize_##name(kh_##name##_t *h, khint_t new_n_buckets) \
      |                   ^~~~~~~~~~
khash.h:351:9: note: in expansion of macro ‘__KHASH_IMPL’
  351 |         __KHASH_IMPL(name, SCOPE, khkey_t, khval_t, kh_is_map, __hash_func, __hash_equal)
      |         ^~~~~~~~~~~~
khash.h:354:9: note: in expansion of macro ‘KHASH_INIT2’
  354 |         KHASH_INIT2(name, static kh_inline klib_unused, khkey_t, khval_t, kh_is_map, __hash_func, __hash_equal)
      |         ^~~~~~~~~~~
khash.h:574:9: note: in expansion of macro ‘KHASH_INIT’
  574 |         KHASH_INIT(name, khint32_t, char, 0, kh_int_hash_func, kh_int_hash_equal)
      |         ^~~~~~~~~~
kmer.h:16:1: note: in expansion of macro ‘KHASH_SET_INIT_INT’
   16 | KHASH_SET_INIT_INT(posset)    // set<uint32_t>
      | ^~~~~~~~~~~~~~~~~~
khash.h:295:23: error: conflicting types for ‘kh_put_posset’; have ‘khint_t(kh_posset_t *, khint32_t,  int *)’ {aka ‘unsigned int(struct kh_posset_s *, unsigned int,  int *)’}
  295 |         SCOPE khint_t kh_put_##name(kh_##name##_t *h, khkey_t key, int *ret) \
      |                       ^~~~~~~
khash.h:351:9: note: in expansion of macro ‘__KHASH_IMPL’
  351 |         __KHASH_IMPL(name, SCOPE, khkey_t, khval_t, kh_is_map, __hash_func, __hash_equal)
      |         ^~~~~~~~~~~~
khash.h:354:9: note: in expansion of macro ‘KHASH_INIT2’
  354 |         KHASH_INIT2(name, static kh_inline klib_unused, khkey_t, khval_t, kh_is_map, __hash_func, __hash_equal)
      |         ^~~~~~~~~~~
khash.h:574:9: note: in expansion of macro ‘KHASH_INIT’
  574 |         KHASH_INIT(name, khint32_t, char, 0, kh_int_hash_func, kh_int_hash_equal)
      |         ^~~~~~~~~~
kmer.h:16:1: note: in expansion of macro ‘KHASH_SET_INIT_INT’
   16 | KHASH_SET_INIT_INT(posset)    // set<uint32_t>
      | ^~~~~~~~~~~~~~~~~~
khash.h:295:23: note: previous definition of ‘kh_put_posset’ with type ‘khint_t(kh_posset_t *, khint32_t,  int *)’ {aka ‘unsigned int(struct kh_posset_s *, unsigned int,  int *)’}
  295 |         SCOPE khint_t kh_put_##name(kh_##name##_t *h, khkey_t key, int *ret) \
      |                       ^~~~~~~
khash.h:351:9: note: in expansion of macro ‘__KHASH_IMPL’
  351 |         __KHASH_IMPL(name, SCOPE, khkey_t, khval_t, kh_is_map, __hash_func, __hash_equal)
      |         ^~~~~~~~~~~~
khash.h:354:9: note: in expansion of macro ‘KHASH_INIT2’
  354 |         KHASH_INIT2(name, static kh_inline klib_unused, khkey_t, khval_t, kh_is_map, __hash_func, __hash_equal)
      |         ^~~~~~~~~~~
khash.h:574:9: note: in expansion of macro ‘KHASH_INIT’
  574 |         KHASH_INIT(name, khint32_t, char, 0, kh_int_hash_func, kh_int_hash_equal)
      |         ^~~~~~~~~~
kmer.h:16:1: note: in expansion of macro ‘KHASH_SET_INIT_INT’
   16 | KHASH_SET_INIT_INT(posset)    // set<uint32_t>
      | ^~~~~~~~~~~~~~~~~~
khash.h:337:20: error: conflicting types for ‘kh_del_posset’; have ‘void(kh_posset_t *, khint_t)’ {aka ‘void(struct kh_posset_s *, unsigned int)’}
  337 |         SCOPE void kh_del_##name(kh_##name##_t *h, khint_t x)                           \
      |                    ^~~~~~~
khash.h:351:9: note: in expansion of macro ‘__KHASH_IMPL’
  351 |         __KHASH_IMPL(name, SCOPE, khkey_t, khval_t, kh_is_map, __hash_func, __hash_equal)
      |         ^~~~~~~~~~~~
khash.h:354:9: note: in expansion of macro ‘KHASH_INIT2’
  354 |         KHASH_INIT2(name, static kh_inline klib_unused, khkey_t, khval_t, kh_is_map, __hash_func, __hash_equal)
      |         ^~~~~~~~~~~
khash.h:574:9: note: in expansion of macro ‘KHASH_INIT’
  574 |         KHASH_INIT(name, khint32_t, char, 0, kh_int_hash_func, kh_int_hash_equal)
      |         ^~~~~~~~~~
kmer.h:16:1: note: in expansion of macro ‘KHASH_SET_INIT_INT’
   16 | KHASH_SET_INIT_INT(posset)    // set<uint32_t>
      | ^~~~~~~~~~~~~~~~~~
khash.h:337:20: note: previous definition of ‘kh_del_posset’ with type ‘void(kh_posset_t *, khint_t)’ {aka ‘void(struct kh_posset_s *, unsigned int)’}
  337 |         SCOPE void kh_del_##name(kh_##name##_t *h, khint_t x)                           \
      |                    ^~~~~~~
khash.h:351:9: note: in expansion of macro ‘__KHASH_IMPL’
  351 |         __KHASH_IMPL(name, SCOPE, khkey_t, khval_t, kh_is_map, __hash_func, __hash_equal)
      |         ^~~~~~~~~~~~
khash.h:354:9: note: in expansion of macro ‘KHASH_INIT2’
  354 |         KHASH_INIT2(name, static kh_inline klib_unused, khkey_t, khval_t, kh_is_map, __hash_func, __hash_equal)
      |         ^~~~~~~~~~~
khash.h:574:9: note: in expansion of macro ‘KHASH_INIT’
  574 |         KHASH_INIT(name, khint32_t, char, 0, kh_int_hash_func, kh_int_hash_equal)
      |         ^~~~~~~~~~
kmer.h:16:1: note: in expansion of macro ‘KHASH_SET_INIT_INT’
   16 | KHASH_SET_INIT_INT(posset)    // set<uint32_t>
      | ^~~~~~~~~~~~~~~~~~
khash.h:183:24: error: redefinition of ‘struct kh_strset_s’
  183 |         typedef struct kh_##name##_s { \
      |                        ^~~
khash.h:350:9: note: in expansion of macro ‘__KHASH_TYPE’
  350 |         __KHASH_TYPE(name, khkey_t, khval_t)                                                            \
      |         ^~~~~~~~~~~~
khash.h:354:9: note: in expansion of macro ‘KHASH_INIT2’
  354 |         KHASH_INIT2(name, static kh_inline klib_unused, khkey_t, khval_t, kh_is_map, __hash_func, __hash_equal)
      |         ^~~~~~~~~~~
khash.h:605:9: note: in expansion of macro ‘KHASH_INIT’
  605 |         KHASH_INIT(name, kh_cstr_t, char, 0, kh_str_hash_func, kh_str_hash_equal)
      |         ^~~~~~~~~~
kmer.h:17:1: note: in expansion of macro ‘KHASH_SET_INIT_STR’
   17 | KHASH_SET_INIT_STR(strset)    // set<char*>
      | ^~~~~~~~~~~~~~~~~~
khash.h:183:24: note: originally defined here
  183 |         typedef struct kh_##name##_s { \
      |                        ^~~
khash.h:350:9: note: in expansion of macro ‘__KHASH_TYPE’
  350 |         __KHASH_TYPE(name, khkey_t, khval_t)                                                            \
      |         ^~~~~~~~~~~~
khash.h:354:9: note: in expansion of macro ‘KHASH_INIT2’
  354 |         KHASH_INIT2(name, static kh_inline klib_unused, khkey_t, khval_t, kh_is_map, __hash_func, __hash_equal)
      |         ^~~~~~~~~~~
khash.h:605:9: note: in expansion of macro ‘KHASH_INIT’
  605 |         KHASH_INIT(name, kh_cstr_t, char, 0, kh_str_hash_func, kh_str_hash_equal)
      |         ^~~~~~~~~~
kmer.h:17:1: note: in expansion of macro ‘KHASH_SET_INIT_STR’
   17 | KHASH_SET_INIT_STR(strset)    // set<char*>
      | ^~~~~~~~~~~~~~~~~~
khash.h:188:11: error: conflicting types for ‘kh_strset_t’; have ‘struct kh_strset_s’
  188 |         } kh_##name##_t;
      |           ^~~
khash.h:350:9: note: in expansion of macro ‘__KHASH_TYPE’
  350 |         __KHASH_TYPE(name, khkey_t, khval_t)                                                            \
      |         ^~~~~~~~~~~~
khash.h:354:9: note: in expansion of macro ‘KHASH_INIT2’
  354 |         KHASH_INIT2(name, static kh_inline klib_unused, khkey_t, khval_t, kh_is_map, __hash_func, __hash_equal)
      |         ^~~~~~~~~~~
khash.h:605:9: note: in expansion of macro ‘KHASH_INIT’
  605 |         KHASH_INIT(name, kh_cstr_t, char, 0, kh_str_hash_func, kh_str_hash_equal)
      |         ^~~~~~~~~~
kmer.h:17:1: note: in expansion of macro ‘KHASH_SET_INIT_STR’
   17 | KHASH_SET_INIT_STR(strset)    // set<char*>
      | ^~~~~~~~~~~~~~~~~~
khash.h:188:11: note: previous declaration of ‘kh_strset_t’ with type ‘kh_strset_t’ {aka ‘struct kh_strset_s’}
  188 |         } kh_##name##_t;
      |           ^~~
khash.h:350:9: note: in expansion of macro ‘__KHASH_TYPE’
  350 |         __KHASH_TYPE(name, khkey_t, khval_t)                                                            \
      |         ^~~~~~~~~~~~
khash.h:354:9: note: in expansion of macro ‘KHASH_INIT2’
  354 |         KHASH_INIT2(name, static kh_inline klib_unused, khkey_t, khval_t, kh_is_map, __hash_func, __hash_equal)
      |         ^~~~~~~~~~~
khash.h:605:9: note: in expansion of macro ‘KHASH_INIT’
  605 |         KHASH_INIT(name, kh_cstr_t, char, 0, kh_str_hash_func, kh_str_hash_equal)
      |         ^~~~~~~~~~
kmer.h:17:1: note: in expansion of macro ‘KHASH_SET_INIT_STR’
   17 | KHASH_SET_INIT_STR(strset)    // set<char*>
      | ^~~~~~~~~~~~~~~~~~
khash.h:200:30: error: conflicting types for ‘kh_init_strset’; have ‘kh_strset_t *(void)’ {aka ‘struct kh_strset_s *(void)’}
  200 |         SCOPE kh_##name##_t *kh_init_##name(void) {                                                     \
      |                              ^~~~~~~~
khash.h:351:9: note: in expansion of macro ‘__KHASH_IMPL’
  351 |         __KHASH_IMPL(name, SCOPE, khkey_t, khval_t, kh_is_map, __hash_func, __hash_equal)
      |         ^~~~~~~~~~~~
khash.h:354:9: note: in expansion of macro ‘KHASH_INIT2’
  354 |         KHASH_INIT2(name, static kh_inline klib_unused, khkey_t, khval_t, kh_is_map, __hash_func, __hash_equal)
      |         ^~~~~~~~~~~
khash.h:605:9: note: in expansion of macro ‘KHASH_INIT’
  605 |         KHASH_INIT(name, kh_cstr_t, char, 0, kh_str_hash_func, kh_str_hash_equal)
      |         ^~~~~~~~~~
kmer.h:17:1: note: in expansion of macro ‘KHASH_SET_INIT_STR’
   17 | KHASH_SET_INIT_STR(strset)    // set<char*>
      | ^~~~~~~~~~~~~~~~~~
khash.h:200:30: note: previous definition of ‘kh_init_strset’ with type ‘kh_strset_t *(void)’ {aka ‘struct kh_strset_s *(void)’}
  200 |         SCOPE kh_##name##_t *kh_init_##name(void) {                                                     \
      |                              ^~~~~~~~
khash.h:351:9: note: in expansion of macro ‘__KHASH_IMPL’
  351 |         __KHASH_IMPL(name, SCOPE, khkey_t, khval_t, kh_is_map, __hash_func, __hash_equal)
      |         ^~~~~~~~~~~~
khash.h:354:9: note: in expansion of macro ‘KHASH_INIT2’
  354 |         KHASH_INIT2(name, static kh_inline klib_unused, khkey_t, khval_t, kh_is_map, __hash_func, __hash_equal)
      |         ^~~~~~~~~~~
khash.h:605:9: note: in expansion of macro ‘KHASH_INIT’
  605 |         KHASH_INIT(name, kh_cstr_t, char, 0, kh_str_hash_func, kh_str_hash_equal)
      |         ^~~~~~~~~~
kmer.h:17:1: note: in expansion of macro ‘KHASH_SET_INIT_STR’
   17 | KHASH_SET_INIT_STR(strset)    // set<char*>
      | ^~~~~~~~~~~~~~~~~~
khash.h:203:20: error: conflicting types for ‘kh_destroy_strset’; have ‘void(kh_strset_t *)’ {aka ‘void(struct kh_strset_s *)’}
  203 |         SCOPE void kh_destroy_##name(kh_##name##_t *h)                                          \
      |                    ^~~~~~~~~~~
khash.h:351:9: note: in expansion of macro ‘__KHASH_IMPL’
  351 |         __KHASH_IMPL(name, SCOPE, khkey_t, khval_t, kh_is_map, __hash_func, __hash_equal)
      |         ^~~~~~~~~~~~
khash.h:354:9: note: in expansion of macro ‘KHASH_INIT2’
  354 |         KHASH_INIT2(name, static kh_inline klib_unused, khkey_t, khval_t, kh_is_map, __hash_func, __hash_equal)
      |         ^~~~~~~~~~~
khash.h:605:9: note: in expansion of macro ‘KHASH_INIT’
  605 |         KHASH_INIT(name, kh_cstr_t, char, 0, kh_str_hash_func, kh_str_hash_equal)
      |         ^~~~~~~~~~
kmer.h:17:1: note: in expansion of macro ‘KHASH_SET_INIT_STR’
   17 | KHASH_SET_INIT_STR(strset)    // set<char*>
      | ^~~~~~~~~~~~~~~~~~
khash.h:203:20: note: previous definition of ‘kh_destroy_strset’ with type ‘void(kh_strset_t *)’ {aka ‘void(struct kh_strset_s *)’}
  203 |         SCOPE void kh_destroy_##name(kh_##name##_t *h)                                          \
      |                    ^~~~~~~~~~~
khash.h:351:9: note: in expansion of macro ‘__KHASH_IMPL’
  351 |         __KHASH_IMPL(name, SCOPE, khkey_t, khval_t, kh_is_map, __hash_func, __hash_equal)
      |         ^~~~~~~~~~~~
khash.h:354:9: note: in expansion of macro ‘KHASH_INIT2’
  354 |         KHASH_INIT2(name, static kh_inline klib_unused, khkey_t, khval_t, kh_is_map, __hash_func, __hash_equal)
      |         ^~~~~~~~~~~
khash.h:605:9: note: in expansion of macro ‘KHASH_INIT’
  605 |         KHASH_INIT(name, kh_cstr_t, char, 0, kh_str_hash_func, kh_str_hash_equal)
      |         ^~~~~~~~~~
kmer.h:17:1: note: in expansion of macro ‘KHASH_SET_INIT_STR’
   17 | KHASH_SET_INIT_STR(strset)    // set<char*>
      | ^~~~~~~~~~~~~~~~~~
khash.h:211:20: error: conflicting types for ‘kh_clear_strset’; have ‘void(kh_strset_t *)’ {aka ‘void(struct kh_strset_s *)’}
  211 |         SCOPE void kh_clear_##name(kh_##name##_t *h)                                            \
      |                    ^~~~~~~~~
khash.h:351:9: note: in expansion of macro ‘__KHASH_IMPL’
  351 |         __KHASH_IMPL(name, SCOPE, khkey_t, khval_t, kh_is_map, __hash_func, __hash_equal)
      |         ^~~~~~~~~~~~
khash.h:354:9: note: in expansion of macro ‘KHASH_INIT2’
  354 |         KHASH_INIT2(name, static kh_inline klib_unused, khkey_t, khval_t, kh_is_map, __hash_func, __hash_equal)
      |         ^~~~~~~~~~~
khash.h:605:9: note: in expansion of macro ‘KHASH_INIT’
  605 |         KHASH_INIT(name, kh_cstr_t, char, 0, kh_str_hash_func, kh_str_hash_equal)
      |         ^~~~~~~~~~
kmer.h:17:1: note: in expansion of macro ‘KHASH_SET_INIT_STR’
   17 | KHASH_SET_INIT_STR(strset)    // set<char*>
      | ^~~~~~~~~~~~~~~~~~
khash.h:211:20: note: previous definition of ‘kh_clear_strset’ with type ‘void(kh_strset_t *)’ {aka ‘void(struct kh_strset_s *)’}
  211 |         SCOPE void kh_clear_##name(kh_##name##_t *h)                                            \
      |                    ^~~~~~~~~
khash.h:351:9: note: in expansion of macro ‘__KHASH_IMPL’
  351 |         __KHASH_IMPL(name, SCOPE, khkey_t, khval_t, kh_is_map, __hash_func, __hash_equal)
      |         ^~~~~~~~~~~~
khash.h:354:9: note: in expansion of macro ‘KHASH_INIT2’
  354 |         KHASH_INIT2(name, static kh_inline klib_unused, khkey_t, khval_t, kh_is_map, __hash_func, __hash_equal)
      |         ^~~~~~~~~~~
khash.h:605:9: note: in expansion of macro ‘KHASH_INIT’
  605 |         KHASH_INIT(name, kh_cstr_t, char, 0, kh_str_hash_func, kh_str_hash_equal)
      |         ^~~~~~~~~~
kmer.h:17:1: note: in expansion of macro ‘KHASH_SET_INIT_STR’
   17 | KHASH_SET_INIT_STR(strset)    // set<char*>
      | ^~~~~~~~~~~~~~~~~~
khash.h:218:23: error: conflicting types for ‘kh_get_strset’; have ‘khint_t(const kh_strset_t *, const char *)’ {aka ‘unsigned int(const struct kh_strset_s *, const char *)’}
  218 |         SCOPE khint_t kh_get_##name(const kh_##name##_t *h, khkey_t key)        \
      |                       ^~~~~~~
khash.h:351:9: note: in expansion of macro ‘__KHASH_IMPL’
  351 |         __KHASH_IMPL(name, SCOPE, khkey_t, khval_t, kh_is_map, __hash_func, __hash_equal)
      |         ^~~~~~~~~~~~
khash.h:354:9: note: in expansion of macro ‘KHASH_INIT2’
  354 |         KHASH_INIT2(name, static kh_inline klib_unused, khkey_t, khval_t, kh_is_map, __hash_func, __hash_equal)
      |         ^~~~~~~~~~~
khash.h:605:9: note: in expansion of macro ‘KHASH_INIT’
  605 |         KHASH_INIT(name, kh_cstr_t, char, 0, kh_str_hash_func, kh_str_hash_equal)
      |         ^~~~~~~~~~
kmer.h:17:1: note: in expansion of macro ‘KHASH_SET_INIT_STR’
   17 | KHASH_SET_INIT_STR(strset)    // set<char*>
      | ^~~~~~~~~~~~~~~~~~
khash.h:218:23: note: previous definition of ‘kh_get_strset’ with type ‘khint_t(const kh_strset_t *, const char *)’ {aka ‘unsigned int(const struct kh_strset_s *, const char *)’}
  218 |         SCOPE khint_t kh_get_##name(const kh_##name##_t *h, khkey_t key)        \
      |                       ^~~~~~~
khash.h:351:9: note: in expansion of macro ‘__KHASH_IMPL’
  351 |         __KHASH_IMPL(name, SCOPE, khkey_t, khval_t, kh_is_map, __hash_func, __hash_equal)
      |         ^~~~~~~~~~~~
khash.h:354:9: note: in expansion of macro ‘KHASH_INIT2’
  354 |         KHASH_INIT2(name, static kh_inline klib_unused, khkey_t, khval_t, kh_is_map, __hash_func, __hash_equal)
      |         ^~~~~~~~~~~
khash.h:605:9: note: in expansion of macro ‘KHASH_INIT’
  605 |         KHASH_INIT(name, kh_cstr_t, char, 0, kh_str_hash_func, kh_str_hash_equal)
      |         ^~~~~~~~~~
kmer.h:17:1: note: in expansion of macro ‘KHASH_SET_INIT_STR’
   17 | KHASH_SET_INIT_STR(strset)    // set<char*>
      | ^~~~~~~~~~~~~~~~~~
khash.h:232:19: error: conflicting types for ‘kh_resize_strset’; have ‘int(kh_strset_t *, khint_t)’ {aka ‘int(struct kh_strset_s *, unsigned int)’}
  232 |         SCOPE int kh_resize_##name(kh_##name##_t *h, khint_t new_n_buckets) \
      |                   ^~~~~~~~~~
khash.h:351:9: note: in expansion of macro ‘__KHASH_IMPL’
  351 |         __KHASH_IMPL(name, SCOPE, khkey_t, khval_t, kh_is_map, __hash_func, __hash_equal)
      |         ^~~~~~~~~~~~
khash.h:354:9: note: in expansion of macro ‘KHASH_INIT2’
  354 |         KHASH_INIT2(name, static kh_inline klib_unused, khkey_t, khval_t, kh_is_map, __hash_func, __hash_equal)
      |         ^~~~~~~~~~~
khash.h:605:9: note: in expansion of macro ‘KHASH_INIT’
  605 |         KHASH_INIT(name, kh_cstr_t, char, 0, kh_str_hash_func, kh_str_hash_equal)
      |         ^~~~~~~~~~
kmer.h:17:1: note: in expansion of macro ‘KHASH_SET_INIT_STR’
   17 | KHASH_SET_INIT_STR(strset)    // set<char*>
      | ^~~~~~~~~~~~~~~~~~
khash.h:232:19: note: previous definition of ‘kh_resize_strset’ with type ‘int(kh_strset_t *, khint_t)’ {aka ‘int(struct kh_strset_s *, unsigned int)’}
  232 |         SCOPE int kh_resize_##name(kh_##name##_t *h, khint_t new_n_buckets) \
      |                   ^~~~~~~~~~
khash.h:351:9: note: in expansion of macro ‘__KHASH_IMPL’
  351 |         __KHASH_IMPL(name, SCOPE, khkey_t, khval_t, kh_is_map, __hash_func, __hash_equal)
      |         ^~~~~~~~~~~~
khash.h:354:9: note: in expansion of macro ‘KHASH_INIT2’
  354 |         KHASH_INIT2(name, static kh_inline klib_unused, khkey_t, khval_t, kh_is_map, __hash_func, __hash_equal)
      |         ^~~~~~~~~~~
khash.h:605:9: note: in expansion of macro ‘KHASH_INIT’
  605 |         KHASH_INIT(name, kh_cstr_t, char, 0, kh_str_hash_func, kh_str_hash_equal)
      |         ^~~~~~~~~~
kmer.h:17:1: note: in expansion of macro ‘KHASH_SET_INIT_STR’
   17 | KHASH_SET_INIT_STR(strset)    // set<char*>
      | ^~~~~~~~~~~~~~~~~~
khash.h:295:23: error: conflicting types for ‘kh_put_strset’; have ‘khint_t(kh_strset_t *, const char *, int *)’ {aka ‘unsigned int(struct kh_strset_s *, const char *, int *)’}
  295 |         SCOPE khint_t kh_put_##name(kh_##name##_t *h, khkey_t key, int *ret) \
      |                       ^~~~~~~
khash.h:351:9: note: in expansion of macro ‘__KHASH_IMPL’
  351 |         __KHASH_IMPL(name, SCOPE, khkey_t, khval_t, kh_is_map, __hash_func, __hash_equal)
      |         ^~~~~~~~~~~~
khash.h:354:9: note: in expansion of macro ‘KHASH_INIT2’
  354 |         KHASH_INIT2(name, static kh_inline klib_unused, khkey_t, khval_t, kh_is_map, __hash_func, __hash_equal)
      |         ^~~~~~~~~~~
khash.h:605:9: note: in expansion of macro ‘KHASH_INIT’
  605 |         KHASH_INIT(name, kh_cstr_t, char, 0, kh_str_hash_func, kh_str_hash_equal)
      |         ^~~~~~~~~~
kmer.h:17:1: note: in expansion of macro ‘KHASH_SET_INIT_STR’
   17 | KHASH_SET_INIT_STR(strset)    // set<char*>
      | ^~~~~~~~~~~~~~~~~~
khash.h:295:23: note: previous definition of ‘kh_put_strset’ with type ‘khint_t(kh_strset_t *, const char *, int *)’ {aka ‘unsigned int(struct kh_strset_s *, const char *, int *)’}
  295 |         SCOPE khint_t kh_put_##name(kh_##name##_t *h, khkey_t key, int *ret) \
      |                       ^~~~~~~
khash.h:351:9: note: in expansion of macro ‘__KHASH_IMPL’
  351 |         __KHASH_IMPL(name, SCOPE, khkey_t, khval_t, kh_is_map, __hash_func, __hash_equal)
      |         ^~~~~~~~~~~~
khash.h:354:9: note: in expansion of macro ‘KHASH_INIT2’
  354 |         KHASH_INIT2(name, static kh_inline klib_unused, khkey_t, khval_t, kh_is_map, __hash_func, __hash_equal)
      |         ^~~~~~~~~~~
khash.h:605:9: note: in expansion of macro ‘KHASH_INIT’
  605 |         KHASH_INIT(name, kh_cstr_t, char, 0, kh_str_hash_func, kh_str_hash_equal)
      |         ^~~~~~~~~~
kmer.h:17:1: note: in expansion of macro ‘KHASH_SET_INIT_STR’
   17 | KHASH_SET_INIT_STR(strset)    // set<char*>
      | ^~~~~~~~~~~~~~~~~~
khash.h:337:20: error: conflicting types for ‘kh_del_strset’; have ‘void(kh_strset_t *, khint_t)’ {aka ‘void(struct kh_strset_s *, unsigned int)’}
  337 |         SCOPE void kh_del_##name(kh_##name##_t *h, khint_t x)                           \
      |                    ^~~~~~~
khash.h:351:9: note: in expansion of macro ‘__KHASH_IMPL’
  351 |         __KHASH_IMPL(name, SCOPE, khkey_t, khval_t, kh_is_map, __hash_func, __hash_equal)
      |         ^~~~~~~~~~~~
khash.h:354:9: note: in expansion of macro ‘KHASH_INIT2’
  354 |         KHASH_INIT2(name, static kh_inline klib_unused, khkey_t, khval_t, kh_is_map, __hash_func, __hash_equal)
      |         ^~~~~~~~~~~
khash.h:605:9: note: in expansion of macro ‘KHASH_INIT’
  605 |         KHASH_INIT(name, kh_cstr_t, char, 0, kh_str_hash_func, kh_str_hash_equal)
      |         ^~~~~~~~~~
kmer.h:17:1: note: in expansion of macro ‘KHASH_SET_INIT_STR’
   17 | KHASH_SET_INIT_STR(strset)    // set<char*>
      | ^~~~~~~~~~~~~~~~~~
khash.h:337:20: note: previous definition of ‘kh_del_strset’ with type ‘void(kh_strset_t *, khint_t)’ {aka ‘void(struct kh_strset_s *, unsigned int)’}
  337 |         SCOPE void kh_del_##name(kh_##name##_t *h, khint_t x)                           \
      |                    ^~~~~~~
khash.h:351:9: note: in expansion of macro ‘__KHASH_IMPL’
  351 |         __KHASH_IMPL(name, SCOPE, khkey_t, khval_t, kh_is_map, __hash_func, __hash_equal)
      |         ^~~~~~~~~~~~
khash.h:354:9: note: in expansion of macro ‘KHASH_INIT2’
  354 |         KHASH_INIT2(name, static kh_inline klib_unused, khkey_t, khval_t, kh_is_map, __hash_func, __hash_equal)
      |         ^~~~~~~~~~~
khash.h:605:9: note: in expansion of macro ‘KHASH_INIT’
  605 |         KHASH_INIT(name, kh_cstr_t, char, 0, kh_str_hash_func, kh_str_hash_equal)
      |         ^~~~~~~~~~
kmer.h:17:1: note: in expansion of macro ‘KHASH_SET_INIT_STR’
   17 | KHASH_SET_INIT_STR(strset)    // set<char*>
      | ^~~~~~~~~~~~~~~~~~
kmer.h:32:3: error: conflicting types for ‘KmerBitset’; have ‘struct <anonymous>’
   32 | } KmerBitset;
      |   ^~~~~~~~~~
kmer.h:32:3: note: previous declaration of ‘KmerBitset’ with type ‘KmerBitset’
   32 | } KmerBitset;
      |   ^~~~~~~~~~
kmer.h:34:13: error: conflicting types for ‘kmer_bitset_from_trie’; have ‘KmerBitset *(const TrieNode *, size_t)’ {aka ‘KmerBitset *(const TrieNode *, long unsigned int)’}
   34 | KmerBitset *kmer_bitset_from_trie(const TrieNode *root, size_t k);
      |             ^~~~~~~~~~~~~~~~~~~~~
kmer.h:34:13: note: previous declaration of ‘kmer_bitset_from_trie’ with type ‘KmerBitset *(const TrieNode *, size_t)’ {aka ‘KmerBitset *(const TrieNode *, long unsigned int)’}
   34 | KmerBitset *kmer_bitset_from_trie(const TrieNode *root, size_t k);
      |             ^~~~~~~~~~~~~~~~~~~~~
kmer.h:35:6: error: conflicting types for ‘kmer_bitset_destroy’; have ‘void(KmerBitset *)’
   35 | void kmer_bitset_destroy(KmerBitset *index);
      |      ^~~~~~~~~~~~~~~~~~~
kmer.h:35:6: note: previous declaration of ‘kmer_bitset_destroy’ with type ‘void(KmerBitset *)’
   35 | void kmer_bitset_destroy(KmerBitset *index);
      |      ^~~~~~~~~~~~~~~~~~~
kmer.h:36:5: error: conflicting types for ‘kmer_bitset_test’; have ‘int(const KmerBitset *, uint64_t)’ {aka ‘int(const KmerBitset *, long unsigned int)’}
   36 | int kmer_bitset_test(const KmerBitset *index, uint64_t code);
      |     ^~~~~~~~~~~~~~~~
kmer.h:36:5: note: previous declaration of ‘kmer_bitset_test’ with type ‘int(const KmerBitset *, uint64_t)’ {aka ‘int(const KmerBitset *, long unsigned int)’}
   36 | int kmer_bitset_test(const KmerBitset *index, uint64_t code);
      |     ^~~~~~~~~~~~~~~~
kmer.h:38:6: error: conflicting types for ‘find_kmer_bitset’; have ‘void(const char *, size_t,  const KmerBitset *, int,  u32vec_t *)’ {aka ‘void(const char *, long unsigned int,  const KmerBitset *, int,  u32vec_t *)’}
   38 | void find_kmer_bitset(const char *s,
      |      ^~~~~~~~~~~~~~~~
kmer.h:38:6: note: previous declaration of ‘find_kmer_bitset’ with type ‘void(const char *, size_t,  const KmerBitset *, int,  u32vec_t *)’ {aka ‘void(const char *, long unsigned int,  const KmerBitset *, int,  u32vec_t *)’}
   38 | void find_kmer_bitset(const char *s,
      |      ^~~~~~~~~~~~~~~~
kmer.h:45:6: error: conflicting types for ‘add_to_counter’; have ‘void(kh_strset_t *, kh_counter_t *)’ {aka ‘void(struct kh_strset_s *, struct kh_counter_s *)’}
   45 | void add_to_counter(khash_t(strset) *found_sequences,
      |      ^~~~~~~~~~~~~~
kmer.h:45:6: note: previous declaration of ‘add_to_counter’ with type ‘void(kh_strset_t *, kh_counter_t *)’ {aka ‘void(struct kh_strset_s *, struct kh_counter_s *)’}
   45 | void add_to_counter(khash_t(strset) *found_sequences,
      |      ^~~~~~~~~~~~~~
kmer.h:48:6: error: conflicting types for ‘find_matches’; have ‘void(const char *, size_t,  const u32vec_t *, uint32_t,  uint32_t,  const TrieNode *, kh_strset_t *, int,  const char *, const char *, FILE *, int)’ {aka ‘void(const char *, long unsigned int,  const u32vec_t *, unsigned int,  unsigned int,  const TrieNode *, struct kh_strset_s *, int,  const char *, const char *, FILE *, int)’}
   48 | void find_matches(const char *sequence, size_t seq_len,
      |      ^~~~~~~~~~~~
kmer.h:48:6: note: previous declaration of ‘find_matches’ with type ‘void(const char *, size_t,  const u32vec_t *, uint32_t,  uint32_t,  const TrieNode *, kh_strset_t *, int,  const char *, const char *, FILE *, int)’ {aka ‘void(const char *, long unsigned int,  const u32vec_t *, unsigned int,  unsigned int,  const TrieNode *, struct kh_strset_s *, int,  const char *, const char *, FILE *, int)’}
   48 | void find_matches(const char *sequence, size_t seq_len,
      |      ^~~~~~~~~~~~
kmer.h:59:6: error: conflicting types for ‘find_matches_seeded’; have ‘void(const char *, size_t,  const u32vec_t *, uint32_t,  uint32_t,  const KmerBitset *, int,  kh_strset_t *, int,  const char *, const char *, FILE *, int)’ {aka ‘void(const char *, long unsigned int,  const u32vec_t *, unsigned int,  unsigned int,  const KmerBitset *, int,  struct kh_strset_s *, int,  const char *, const char *, FILE *, int)’}
   59 | void find_matches_seeded(const char *sequence, size_t seq_len,
      |      ^~~~~~~~~~~~~~~~~~~
kmer.h:59:6: note: previous declaration of ‘find_matches_seeded’ with type ‘void(const char *, size_t,  const u32vec_t *, uint32_t,  uint32_t,  const KmerBitset *, int,  kh_strset_t *, int,  const char *, const char *, FILE *, int)’ {aka ‘void(const char *, long unsigned int,  const u32vec_t *, unsigned int,  unsigned int,  const KmerBitset *, int,  struct kh_strset_s *, int,  const char *, const char *, FILE *, int)’}
   59 | void find_matches_seeded(const char *sequence, size_t seq_len,
      |      ^~~~~~~~~~~~~~~~~~~
readseq.c:64:5: error: conflicting types for ‘readseq_process_one_read’; have ‘int(const char *, const char *, const char *, size_t,  kh_counter_t *, const KmerBitset *, const AnchorRuntime *, int,  size_t,  size_t,  int,  int,  int,  int,  FILE *, int)’ {aka ‘int(const char *, const char *, const char *, long unsigned int,  struct kh_counter_s *, const KmerBitset *, const AnchorRuntime *, int,  long unsigned int,  long unsigned int,  int,  int,  int,  int,  FILE *, int)’}
   64 | int readseq_process_one_read(const char *read_name,
      |     ^~~~~~~~~~~~~~~~~~~~~~~~
readseq_internal.h:11:5: note: previous declaration of ‘readseq_process_one_read’ with type ‘int(const char *, const char *, const char *, size_t,  kh_counter_t *, const KmerBitset *, const AnchorRuntime *, int,  size_t,  size_t,  int,  int,  int,  int,  FILE *, int)’ {aka ‘int(const char *, const char *, const char *, long unsigned int,  struct kh_counter_s *, const KmerBitset *, const AnchorRuntime *, int,  long unsigned int,  long unsigned int,  int,  int,  int,  int,  FILE *, int)’}
   11 | int readseq_process_one_read(const char *read_name,
      |     ^~~~~~~~~~~~~~~~~~~~~~~~
readseq.c: In function ‘readseq_process_one_read’:
readseq.c:112:67: warning: passing argument 5 of ‘find_kmer_bitset’ from incompatible pointer type [-Wincompatible-pointer-types]
  112 |     find_kmer_bitset(search_seq, search_len, seed_index, seed_mm, &hits);
      |                                                                   ^~~~~
      |                                                                   |
      |                                                                   struct <anonymous> *
kmer.h:42:33: note: expected ‘u32vec_t *’ but argument is of type ‘struct <anonymous> *’
   42 |                       u32vec_t *hits);
      |                       ~~~~~~~~~~^~~~
readseq.c:132:25: warning: passing argument 3 of ‘find_matches_seeded’ from incompatible pointer type [-Wincompatible-pointer-types]
  132 |                         &hits,
      |                         ^~~~~
      |                         |
      |                         struct <anonymous> *
kmer.h:60:42: note: expected ‘const u32vec_t *’ but argument is of type ‘struct <anonymous> *’
   60 |                          const u32vec_t *hit,
      |                          ~~~~~~~~~~~~~~~~^~~
utils.h: At top level:
utils.h:87:24: warning: ‘get2’ declared ‘static’ but never defined [-Wunused-function]
   87 | static inline uint32_t get2(const uint64_t *text, size_t i);
      |                        ^~~~
utils.h:88:19: warning: ‘isN’ declared ‘static’ but never defined [-Wunused-function]
   88 | static inline int isN(const uint64_t *mask, size_t i);
      |                   ^~~
make: *** [Makefile:51: readseq.o] Error 1
